// Jest Snapshot v1, https://goo.gl/fbAQLP

exports[`Section 1`] = `ShallowWrapper {}`;
